
> bread@0.0.0 build
> tsc -b && vite build

src/pages/ManagerReports.tsx(9,12): error TS6133: 'Receipt' is declared but its value is never read.
src/pages/ManagerReports.tsx(9,75): error TS6133: 'Share2' is declared but its value is never read.
src/pages/ManagerReports.tsx(10,42): error TS6133: 'Users' is declared but its value is never read.
src/pages/ManagerReports.tsx(10,49): error TS6133: 'Zap' is declared but its value is never read.
src/pages/ManagerReports.tsx(10,54): error TS6133: 'Clock' is declared but its value is never read.
src/pages/ManagerReports.tsx(10,61): error TS6133: 'Building2' is declared but its value is never read.
src/pages/ManagerReports.tsx(10,72): error TS6133: 'Percent' is declared but its value is never read.
src/pages/ManagerReports.tsx(12,18): error TS6133: 'AnimatePresence' is declared but its value is never read.
src/pages/ManagerReports.tsx(74,9): error TS6133: 't' is declared but its value is never read.
src/pages/ManagerReports.tsx(169,9): error TS6133: 'handleShare' is declared but its value is never read.
src/pages/Reports.tsx(9,12): error TS6133: 'Receipt' is declared but its value is never read.
src/pages/Reports.tsx(10,69): error TS6133: 'Truck' is declared but its value is never read.
src/pages/Reports.tsx(12,18): error TS6133: 'AnimatePresence' is declared but its value is never read.
src/pages/Reports.tsx(53,7): error TS6133: 'MiniBar' is declared but its value is never read.
src/pages/Reports.tsx(138,9): error TS6133: 'weekTrend' is declared but its value is never read.
src/pages/Reports.tsx(144,9): error TS6133: 'hourlyTrend' is declared but its value is never read.
src/pages/Reports.tsx(300,98): error TS2304: Cannot find name 'ArrowUpRight'.
